../Core/Src/main.c:146:5:main	272	static
../Core/Src/main.c:232:6:SystemClock_Config	80	static
../Core/Src/main.c:268:13:MX_SPI2_Init	8	static
../Core/Src/main.c:308:13:MX_USART2_UART_Init	8	static
../Core/Src/main.c:343:13:MX_GPIO_Init	48	static
../Core/Src/main.c:367:6:icm20948_init	8	static
../Core/Src/main.c:392:6:icm20948_gyro_read	40	static
../Core/Src/main.c:408:6:icm20948_accel_read	40	static
../Core/Src/main.c:425:6:icm20948_gyro_read_dps	16	static
../Core/Src/main.c:434:6:icm20948_accel_read_g	16	static
../Core/Src/main.c:443:6:icm20948_who_am_i	24	static
../Core/Src/main.c:453:6:icm20948_device_reset	8	static
../Core/Src/main.c:459:6:icm20948_wakeup	24	static
../Core/Src/main.c:468:6:icm20948_sleep	24	static
../Core/Src/main.c:477:6:icm20948_spi_slave_enable	24	static
../Core/Src/main.c:485:6:icm20948_clock_source	32	static
../Core/Src/main.c:493:6:icm20948_odr_align_enable	8	static
../Core/Src/main.c:498:6:icm20948_gyro_low_pass_filter	32	static
../Core/Src/main.c:506:6:icm20948_accel_low_pass_filter	32	static
../Core/Src/main.c:514:6:icm20948_gyro_sample_rate_divider	16	static
../Core/Src/main.c:519:6:icm20948_accel_sample_rate_divider	32	static
../Core/Src/main.c:528:6:icm20948_gyro_calibration	56	static
../Core/Src/main.c:560:6:icm20948_accel_calibration	80	static
../Core/Src/main.c:618:6:icm20948_gyro_full_scale_select	32	static
../Core/Src/main.c:645:6:icm20948_accel_full_scale_select	32	static
../Core/Src/main.c:674:13:cs_high	8	static
../Core/Src/main.c:679:13:cs_low	8	static
../Core/Src/main.c:684:13:select_user_bank	32	static
../Core/Src/main.c:695:16:read_single_icm20948_reg	32	static
../Core/Src/main.c:709:13:write_single_icm20948_reg	32	static
../Core/Src/main.c:722:17:read_multiple_icm20948_reg	32	static
../Core/Src/main.c:736:13:write_multiple_icm20948_reg	32	static
../Core/Src/main.c:749:5:correctBitbuffer	24	static
../Core/Src/main.c:763:6:store	24	static
../Core/Src/main.c:768:6:putbit1	8	static
../Core/Src/main.c:777:6:putbit0	8	static
../Core/Src/main.c:786:6:flush_bit_buffer	8	static
../Core/Src/main.c:793:6:output1	24	static
../Core/Src/main.c:805:6:output2	24	static
../Core/Src/main.c:822:6:encode	56	static
../Core/Src/main.c:875:6:ENCmodpow	32	static
../Core/Src/main.c:886:6:encrypt	24	static
../Core/Src/main.c:908:6:Error_Handler	8	static,ignoring_inline_asm
