../Core/Src/main.c:114:5:main	208	static
../Core/Src/main.c:187:6:SystemClock_Config	80	static
../Core/Src/main.c:223:13:MX_SPI2_Init	8	static
../Core/Src/main.c:263:13:MX_USART2_UART_Init	8	static
../Core/Src/main.c:298:13:MX_GPIO_Init	48	static
../Core/Src/main.c:319:6:icm20948_init	8	static
../Core/Src/main.c:344:6:icm20948_gyro_read	40	static
../Core/Src/main.c:360:6:icm20948_accel_read	40	static
../Core/Src/main.c:377:6:icm20948_gyro_read_dps	16	static
../Core/Src/main.c:386:6:icm20948_accel_read_g	16	static
../Core/Src/main.c:395:6:icm20948_who_am_i	24	static
../Core/Src/main.c:405:6:icm20948_device_reset	8	static
../Core/Src/main.c:411:6:icm20948_wakeup	24	static
../Core/Src/main.c:420:6:icm20948_sleep	24	static
../Core/Src/main.c:429:6:icm20948_spi_slave_enable	24	static
../Core/Src/main.c:437:6:icm20948_clock_source	32	static
../Core/Src/main.c:445:6:icm20948_odr_align_enable	8	static
../Core/Src/main.c:450:6:icm20948_gyro_low_pass_filter	32	static
../Core/Src/main.c:458:6:icm20948_accel_low_pass_filter	32	static
../Core/Src/main.c:466:6:icm20948_gyro_sample_rate_divider	16	static
../Core/Src/main.c:471:6:icm20948_accel_sample_rate_divider	32	static
../Core/Src/main.c:480:6:icm20948_gyro_calibration	56	static
../Core/Src/main.c:512:6:icm20948_accel_calibration	80	static
../Core/Src/main.c:570:6:icm20948_gyro_full_scale_select	32	static
../Core/Src/main.c:597:6:icm20948_accel_full_scale_select	32	static
../Core/Src/main.c:626:13:cs_high	8	static
../Core/Src/main.c:631:13:cs_low	8	static
../Core/Src/main.c:636:13:select_user_bank	32	static
../Core/Src/main.c:647:16:read_single_icm20948_reg	32	static
../Core/Src/main.c:661:13:write_single_icm20948_reg	32	static
../Core/Src/main.c:674:17:read_multiple_icm20948_reg	32	static
../Core/Src/main.c:688:13:write_multiple_icm20948_reg	32	static
../Core/Src/main.c:705:6:Error_Handler	8	static,ignoring_inline_asm
