../Core/Src/main.c:152:5:main	360	static
../Core/Src/main.c:261:6:SystemClock_Config	80	static
../Core/Src/main.c:297:13:MX_SPI2_Init	8	static
../Core/Src/main.c:337:13:MX_USART2_UART_Init	8	static
../Core/Src/main.c:372:13:MX_GPIO_Init	48	static
../Core/Src/main.c:396:6:icm20948_init	8	static
../Core/Src/main.c:421:6:icm20948_gyro_read	40	static
../Core/Src/main.c:437:6:icm20948_accel_read	40	static
../Core/Src/main.c:454:6:icm20948_gyro_read_dps	16	static
../Core/Src/main.c:463:6:icm20948_accel_read_g	16	static
../Core/Src/main.c:472:6:icm20948_who_am_i	24	static
../Core/Src/main.c:482:6:icm20948_device_reset	8	static
../Core/Src/main.c:488:6:icm20948_wakeup	24	static
../Core/Src/main.c:497:6:icm20948_sleep	24	static
../Core/Src/main.c:506:6:icm20948_spi_slave_enable	24	static
../Core/Src/main.c:514:6:icm20948_clock_source	32	static
../Core/Src/main.c:522:6:icm20948_odr_align_enable	8	static
../Core/Src/main.c:527:6:icm20948_gyro_low_pass_filter	32	static
../Core/Src/main.c:535:6:icm20948_accel_low_pass_filter	32	static
../Core/Src/main.c:543:6:icm20948_gyro_sample_rate_divider	16	static
../Core/Src/main.c:548:6:icm20948_accel_sample_rate_divider	32	static
../Core/Src/main.c:557:6:icm20948_gyro_calibration	56	static
../Core/Src/main.c:589:6:icm20948_accel_calibration	80	static
../Core/Src/main.c:647:6:icm20948_gyro_full_scale_select	32	static
../Core/Src/main.c:674:6:icm20948_accel_full_scale_select	32	static
../Core/Src/main.c:703:13:cs_high	8	static
../Core/Src/main.c:708:13:cs_low	8	static
../Core/Src/main.c:713:13:select_user_bank	32	static
../Core/Src/main.c:724:16:read_single_icm20948_reg	32	static
../Core/Src/main.c:738:13:write_single_icm20948_reg	32	static
../Core/Src/main.c:751:17:read_multiple_icm20948_reg	32	static
../Core/Src/main.c:765:13:write_multiple_icm20948_reg	32	static
../Core/Src/main.c:778:5:correctBitbuffer	24	static
../Core/Src/main.c:791:6:store	24	static
../Core/Src/main.c:796:6:putbit1	8	static
../Core/Src/main.c:805:6:putbit0	8	static
../Core/Src/main.c:814:6:flush_bit_buffer	8	static
../Core/Src/main.c:821:6:output1	24	static
../Core/Src/main.c:833:6:output2	24	static
../Core/Src/main.c:850:6:compress	56	static
../Core/Src/main.c:905:6:ENCmodpow	32	static
../Core/Src/main.c:916:6:encrypt	24	static
../Core/Src/main.c:941:6:Error_Handler	8	static,ignoring_inline_asm
