../Core/Src/main.c:151:5:main	248	static
../Core/Src/main.c:234:6:SystemClock_Config	80	static
../Core/Src/main.c:270:13:MX_SPI2_Init	8	static
../Core/Src/main.c:310:13:MX_USART2_UART_Init	8	static
../Core/Src/main.c:345:13:MX_GPIO_Init	48	static
../Core/Src/main.c:369:6:icm20948_init	8	static
../Core/Src/main.c:394:6:icm20948_gyro_read	40	static
../Core/Src/main.c:410:6:icm20948_accel_read	40	static
../Core/Src/main.c:427:6:icm20948_gyro_read_dps	16	static
../Core/Src/main.c:436:6:icm20948_accel_read_g	16	static
../Core/Src/main.c:445:6:icm20948_who_am_i	24	static
../Core/Src/main.c:455:6:icm20948_device_reset	8	static
../Core/Src/main.c:461:6:icm20948_wakeup	24	static
../Core/Src/main.c:470:6:icm20948_sleep	24	static
../Core/Src/main.c:479:6:icm20948_spi_slave_enable	24	static
../Core/Src/main.c:487:6:icm20948_clock_source	32	static
../Core/Src/main.c:495:6:icm20948_odr_align_enable	8	static
../Core/Src/main.c:500:6:icm20948_gyro_low_pass_filter	32	static
../Core/Src/main.c:508:6:icm20948_accel_low_pass_filter	32	static
../Core/Src/main.c:516:6:icm20948_gyro_sample_rate_divider	16	static
../Core/Src/main.c:521:6:icm20948_accel_sample_rate_divider	32	static
../Core/Src/main.c:530:6:icm20948_gyro_calibration	56	static
../Core/Src/main.c:562:6:icm20948_accel_calibration	80	static
../Core/Src/main.c:620:6:icm20948_gyro_full_scale_select	32	static
../Core/Src/main.c:647:6:icm20948_accel_full_scale_select	32	static
../Core/Src/main.c:676:13:cs_high	8	static
../Core/Src/main.c:681:13:cs_low	8	static
../Core/Src/main.c:686:13:select_user_bank	32	static
../Core/Src/main.c:697:16:read_single_icm20948_reg	32	static
../Core/Src/main.c:711:13:write_single_icm20948_reg	32	static
../Core/Src/main.c:724:17:read_multiple_icm20948_reg	32	static
../Core/Src/main.c:738:13:write_multiple_icm20948_reg	32	static
../Core/Src/main.c:751:5:correctBitbuffer	24	static
../Core/Src/main.c:764:6:store	24	static
../Core/Src/main.c:769:6:putbit1	8	static
../Core/Src/main.c:778:6:putbit0	8	static
../Core/Src/main.c:787:6:flush_bit_buffer	8	static
../Core/Src/main.c:794:6:output1	24	static
../Core/Src/main.c:806:6:output2	24	static
../Core/Src/main.c:823:6:encode	56	static
../Core/Src/main.c:878:6:ENCmodpow	32	static
../Core/Src/main.c:889:6:encrypt	24	static
../Core/Src/main.c:914:6:Error_Handler	8	static,ignoring_inline_asm
