../Core/Src/main.c:152:5:main	320	static
../Core/Src/main.c:262:6:SystemClock_Config	80	static
../Core/Src/main.c:298:13:MX_SPI2_Init	8	static
../Core/Src/main.c:338:13:MX_USART2_UART_Init	8	static
../Core/Src/main.c:373:13:MX_GPIO_Init	48	static
../Core/Src/main.c:397:6:icm20948_init	8	static
../Core/Src/main.c:422:6:icm20948_gyro_read	40	static
../Core/Src/main.c:438:6:icm20948_accel_read	40	static
../Core/Src/main.c:455:6:icm20948_gyro_read_dps	16	static
../Core/Src/main.c:464:6:icm20948_accel_read_g	16	static
../Core/Src/main.c:473:6:icm20948_who_am_i	24	static
../Core/Src/main.c:483:6:icm20948_device_reset	8	static
../Core/Src/main.c:489:6:icm20948_wakeup	24	static
../Core/Src/main.c:498:6:icm20948_sleep	24	static
../Core/Src/main.c:507:6:icm20948_spi_slave_enable	24	static
../Core/Src/main.c:515:6:icm20948_clock_source	32	static
../Core/Src/main.c:523:6:icm20948_odr_align_enable	8	static
../Core/Src/main.c:528:6:icm20948_gyro_low_pass_filter	32	static
../Core/Src/main.c:536:6:icm20948_accel_low_pass_filter	32	static
../Core/Src/main.c:544:6:icm20948_gyro_sample_rate_divider	16	static
../Core/Src/main.c:549:6:icm20948_accel_sample_rate_divider	32	static
../Core/Src/main.c:558:6:icm20948_gyro_calibration	56	static
../Core/Src/main.c:590:6:icm20948_accel_calibration	80	static
../Core/Src/main.c:648:6:icm20948_gyro_full_scale_select	32	static
../Core/Src/main.c:675:6:icm20948_accel_full_scale_select	32	static
../Core/Src/main.c:704:13:cs_high	8	static
../Core/Src/main.c:709:13:cs_low	8	static
../Core/Src/main.c:714:13:select_user_bank	32	static
../Core/Src/main.c:725:16:read_single_icm20948_reg	32	static
../Core/Src/main.c:739:13:write_single_icm20948_reg	32	static
../Core/Src/main.c:752:17:read_multiple_icm20948_reg	32	static
../Core/Src/main.c:766:13:write_multiple_icm20948_reg	32	static
../Core/Src/main.c:779:5:correctBitbuffer	24	static
../Core/Src/main.c:792:6:store	24	static
../Core/Src/main.c:797:6:putbit1	8	static
../Core/Src/main.c:806:6:putbit0	8	static
../Core/Src/main.c:815:6:flush_bit_buffer	8	static
../Core/Src/main.c:822:6:output1	24	static
../Core/Src/main.c:834:6:output2	24	static
../Core/Src/main.c:851:6:encode	56	static
../Core/Src/main.c:906:6:ENCmodpow	32	static
../Core/Src/main.c:917:6:encrypt	24	static
../Core/Src/main.c:942:6:Error_Handler	8	static,ignoring_inline_asm
