../Core/Src/main.c:143:5:main	240	static
../Core/Src/main.c:230:6:SystemClock_Config	80	static
../Core/Src/main.c:266:13:MX_SPI2_Init	8	static
../Core/Src/main.c:306:13:MX_USART2_UART_Init	8	static
../Core/Src/main.c:341:13:MX_GPIO_Init	48	static
../Core/Src/main.c:365:6:icm20948_init	8	static
../Core/Src/main.c:390:6:icm20948_gyro_read	40	static
../Core/Src/main.c:406:6:icm20948_accel_read	40	static
../Core/Src/main.c:423:6:icm20948_gyro_read_dps	16	static
../Core/Src/main.c:432:6:icm20948_accel_read_g	16	static
../Core/Src/main.c:441:6:icm20948_who_am_i	24	static
../Core/Src/main.c:451:6:icm20948_device_reset	8	static
../Core/Src/main.c:457:6:icm20948_wakeup	24	static
../Core/Src/main.c:466:6:icm20948_sleep	24	static
../Core/Src/main.c:475:6:icm20948_spi_slave_enable	24	static
../Core/Src/main.c:483:6:icm20948_clock_source	32	static
../Core/Src/main.c:491:6:icm20948_odr_align_enable	8	static
../Core/Src/main.c:496:6:icm20948_gyro_low_pass_filter	32	static
../Core/Src/main.c:504:6:icm20948_accel_low_pass_filter	32	static
../Core/Src/main.c:512:6:icm20948_gyro_sample_rate_divider	16	static
../Core/Src/main.c:517:6:icm20948_accel_sample_rate_divider	32	static
../Core/Src/main.c:526:6:icm20948_gyro_calibration	56	static
../Core/Src/main.c:558:6:icm20948_accel_calibration	80	static
../Core/Src/main.c:616:6:icm20948_gyro_full_scale_select	32	static
../Core/Src/main.c:643:6:icm20948_accel_full_scale_select	32	static
../Core/Src/main.c:672:13:cs_high	8	static
../Core/Src/main.c:677:13:cs_low	8	static
../Core/Src/main.c:682:13:select_user_bank	32	static
../Core/Src/main.c:693:16:read_single_icm20948_reg	32	static
../Core/Src/main.c:707:13:write_single_icm20948_reg	32	static
../Core/Src/main.c:720:17:read_multiple_icm20948_reg	32	static
../Core/Src/main.c:734:13:write_multiple_icm20948_reg	32	static
../Core/Src/main.c:747:5:correctBitbuffer	24	static
../Core/Src/main.c:761:6:store	24	static
../Core/Src/main.c:766:6:putbit1	8	static
../Core/Src/main.c:775:6:putbit0	8	static
../Core/Src/main.c:784:6:flush_bit_buffer	8	static
../Core/Src/main.c:791:6:output1	24	static
../Core/Src/main.c:803:6:output2	24	static
../Core/Src/main.c:820:6:encode	56	static
../Core/Src/main.c:873:6:ENCmodpow	32	static
../Core/Src/main.c:884:6:encrypt	24	static
../Core/Src/main.c:907:6:Error_Handler	8	static,ignoring_inline_asm
