../Core/Src/main.c:152:5:main	360	static
../Core/Src/main.c:265:6:SystemClock_Config	80	static
../Core/Src/main.c:301:13:MX_SPI2_Init	8	static
../Core/Src/main.c:341:13:MX_USART2_UART_Init	8	static
../Core/Src/main.c:376:13:MX_GPIO_Init	48	static
../Core/Src/main.c:400:6:icm20948_init	8	static
../Core/Src/main.c:425:6:icm20948_gyro_read	40	static
../Core/Src/main.c:441:6:icm20948_accel_read	40	static
../Core/Src/main.c:458:6:icm20948_gyro_read_dps	16	static
../Core/Src/main.c:467:6:icm20948_accel_read_g	16	static
../Core/Src/main.c:476:6:icm20948_who_am_i	24	static
../Core/Src/main.c:486:6:icm20948_device_reset	8	static
../Core/Src/main.c:492:6:icm20948_wakeup	24	static
../Core/Src/main.c:501:6:icm20948_sleep	24	static
../Core/Src/main.c:510:6:icm20948_spi_slave_enable	24	static
../Core/Src/main.c:518:6:icm20948_clock_source	32	static
../Core/Src/main.c:526:6:icm20948_odr_align_enable	8	static
../Core/Src/main.c:531:6:icm20948_gyro_low_pass_filter	32	static
../Core/Src/main.c:539:6:icm20948_accel_low_pass_filter	32	static
../Core/Src/main.c:547:6:icm20948_gyro_sample_rate_divider	16	static
../Core/Src/main.c:552:6:icm20948_accel_sample_rate_divider	32	static
../Core/Src/main.c:561:6:icm20948_gyro_calibration	56	static
../Core/Src/main.c:593:6:icm20948_accel_calibration	80	static
../Core/Src/main.c:651:6:icm20948_gyro_full_scale_select	32	static
../Core/Src/main.c:678:6:icm20948_accel_full_scale_select	32	static
../Core/Src/main.c:707:13:cs_high	8	static
../Core/Src/main.c:712:13:cs_low	8	static
../Core/Src/main.c:717:13:select_user_bank	32	static
../Core/Src/main.c:728:16:read_single_icm20948_reg	32	static
../Core/Src/main.c:742:13:write_single_icm20948_reg	32	static
../Core/Src/main.c:755:17:read_multiple_icm20948_reg	32	static
../Core/Src/main.c:769:13:write_multiple_icm20948_reg	32	static
../Core/Src/main.c:782:5:correctBitbuffer	24	static
../Core/Src/main.c:795:6:store	24	static
../Core/Src/main.c:800:6:putbit1	8	static
../Core/Src/main.c:809:6:putbit0	8	static
../Core/Src/main.c:818:6:flush_bit_buffer	8	static
../Core/Src/main.c:825:6:output1	24	static
../Core/Src/main.c:837:6:output2	24	static
../Core/Src/main.c:854:6:compress	56	static
../Core/Src/main.c:909:6:ENCmodpow	32	static
../Core/Src/main.c:920:6:encrypt	24	static
../Core/Src/main.c:945:6:Error_Handler	8	static,ignoring_inline_asm
