../Core/Src/main.c:154:5:main	248	static
../Core/Src/main.c:243:6:SystemClock_Config	80	static
../Core/Src/main.c:279:13:MX_SPI2_Init	8	static
../Core/Src/main.c:319:13:MX_USART2_UART_Init	8	static
../Core/Src/main.c:354:13:MX_GPIO_Init	48	static
../Core/Src/main.c:378:6:icm20948_init	8	static
../Core/Src/main.c:403:6:icm20948_gyro_read	40	static
../Core/Src/main.c:419:6:icm20948_accel_read	40	static
../Core/Src/main.c:436:6:icm20948_gyro_read_dps	16	static
../Core/Src/main.c:445:6:icm20948_accel_read_g	16	static
../Core/Src/main.c:454:6:icm20948_who_am_i	24	static
../Core/Src/main.c:464:6:icm20948_device_reset	8	static
../Core/Src/main.c:470:6:icm20948_wakeup	24	static
../Core/Src/main.c:479:6:icm20948_sleep	24	static
../Core/Src/main.c:488:6:icm20948_spi_slave_enable	24	static
../Core/Src/main.c:496:6:icm20948_clock_source	32	static
../Core/Src/main.c:504:6:icm20948_odr_align_enable	8	static
../Core/Src/main.c:509:6:icm20948_gyro_low_pass_filter	32	static
../Core/Src/main.c:517:6:icm20948_accel_low_pass_filter	32	static
../Core/Src/main.c:525:6:icm20948_gyro_sample_rate_divider	16	static
../Core/Src/main.c:530:6:icm20948_accel_sample_rate_divider	32	static
../Core/Src/main.c:539:6:icm20948_gyro_calibration	56	static
../Core/Src/main.c:571:6:icm20948_accel_calibration	80	static
../Core/Src/main.c:629:6:icm20948_gyro_full_scale_select	32	static
../Core/Src/main.c:656:6:icm20948_accel_full_scale_select	32	static
../Core/Src/main.c:685:13:cs_high	8	static
../Core/Src/main.c:690:13:cs_low	8	static
../Core/Src/main.c:695:13:select_user_bank	32	static
../Core/Src/main.c:706:16:read_single_icm20948_reg	32	static
../Core/Src/main.c:720:13:write_single_icm20948_reg	32	static
../Core/Src/main.c:733:17:read_multiple_icm20948_reg	32	static
../Core/Src/main.c:747:13:write_multiple_icm20948_reg	32	static
../Core/Src/main.c:760:5:correctBitbuffer	24	static
../Core/Src/main.c:773:6:store	24	static
../Core/Src/main.c:778:6:putbit1	8	static
../Core/Src/main.c:787:6:putbit0	8	static
../Core/Src/main.c:796:6:flush_bit_buffer	8	static
../Core/Src/main.c:803:6:output1	24	static
../Core/Src/main.c:815:6:output2	24	static
../Core/Src/main.c:832:6:encode	56	static
../Core/Src/main.c:887:6:ENCmodpow	32	static
../Core/Src/main.c:898:6:encrypt	24	static
../Core/Src/main.c:923:6:Error_Handler	8	static,ignoring_inline_asm
