../Core/Src/main.c:152:5:main	360	static
../Core/Src/main.c:266:6:SystemClock_Config	80	static
../Core/Src/main.c:302:13:MX_SPI2_Init	8	static
../Core/Src/main.c:342:13:MX_USART2_UART_Init	8	static
../Core/Src/main.c:377:13:MX_GPIO_Init	48	static
../Core/Src/main.c:401:6:icm20948_init	8	static
../Core/Src/main.c:426:6:icm20948_gyro_read	40	static
../Core/Src/main.c:442:6:icm20948_accel_read	40	static
../Core/Src/main.c:459:6:icm20948_gyro_read_dps	16	static
../Core/Src/main.c:468:6:icm20948_accel_read_g	16	static
../Core/Src/main.c:477:6:icm20948_who_am_i	24	static
../Core/Src/main.c:487:6:icm20948_device_reset	8	static
../Core/Src/main.c:493:6:icm20948_wakeup	24	static
../Core/Src/main.c:502:6:icm20948_sleep	24	static
../Core/Src/main.c:511:6:icm20948_spi_slave_enable	24	static
../Core/Src/main.c:519:6:icm20948_clock_source	32	static
../Core/Src/main.c:527:6:icm20948_odr_align_enable	8	static
../Core/Src/main.c:532:6:icm20948_gyro_low_pass_filter	32	static
../Core/Src/main.c:540:6:icm20948_accel_low_pass_filter	32	static
../Core/Src/main.c:548:6:icm20948_gyro_sample_rate_divider	16	static
../Core/Src/main.c:553:6:icm20948_accel_sample_rate_divider	32	static
../Core/Src/main.c:562:6:icm20948_gyro_calibration	56	static
../Core/Src/main.c:594:6:icm20948_accel_calibration	80	static
../Core/Src/main.c:652:6:icm20948_gyro_full_scale_select	32	static
../Core/Src/main.c:679:6:icm20948_accel_full_scale_select	32	static
../Core/Src/main.c:708:13:cs_high	8	static
../Core/Src/main.c:713:13:cs_low	8	static
../Core/Src/main.c:718:13:select_user_bank	32	static
../Core/Src/main.c:729:16:read_single_icm20948_reg	32	static
../Core/Src/main.c:743:13:write_single_icm20948_reg	32	static
../Core/Src/main.c:756:17:read_multiple_icm20948_reg	32	static
../Core/Src/main.c:770:13:write_multiple_icm20948_reg	32	static
../Core/Src/main.c:783:5:correctBitbuffer	24	static
../Core/Src/main.c:796:6:store	24	static
../Core/Src/main.c:801:6:putbit1	8	static
../Core/Src/main.c:810:6:putbit0	8	static
../Core/Src/main.c:819:6:flush_bit_buffer	8	static
../Core/Src/main.c:826:6:output1	24	static
../Core/Src/main.c:838:6:output2	24	static
../Core/Src/main.c:855:6:compress	56	static
../Core/Src/main.c:910:6:ENCmodpow	32	static
../Core/Src/main.c:921:6:encrypt	24	static
../Core/Src/main.c:946:6:Error_Handler	8	static,ignoring_inline_asm
