../Core/Src/main.c:125:5:main	1216	static
../Core/Src/main.c:211:6:SystemClock_Config	104	static
../Core/Src/main.c:257:13:MX_I2C1_Init	8	static
../Core/Src/main.c:305:13:MX_USART2_UART_Init	8	static
../Core/Src/main.c:338:13:MX_DMA_Init	16	static
../Core/Src/main.c:356:13:MX_GPIO_Init	56	static
../Core/Src/main.c:385:6:pause_sec	40	static
../Core/Src/main.c:405:9:decToBcd	32	static
../Core/Src/main.c:417:5:bcdToDec	24	static
../Core/Src/main.c:432:6:setTime	48	static
../Core/Src/main.c:454:6:getTime	32	static
../Core/Src/main.c:476:5:epochFromTime	32	static
../Core/Src/main.c:547:6:rtcPrint	56	static
../Core/Src/main.c:601:5:ENCmodpow	32	static
../Core/Src/main.c:612:6:encrypt	24	static
../Core/Src/main.c:634:6:Error_Handler	8	static,ignoring_inline_asm
