../Core/Src/main.c:111:5:main	160	static
../Core/Src/main.c:184:6:SystemClock_Config	80	static
../Core/Src/main.c:223:13:MX_USART2_UART_Init	8	static
../Core/Src/main.c:258:13:MX_GPIO_Init	48	static
../Core/Src/main.c:289:5:correctBitbuffer	24	static
../Core/Src/main.c:302:6:store	24	static
../Core/Src/main.c:307:6:putbit1	8	static
../Core/Src/main.c:316:6:putbit0	8	static
../Core/Src/main.c:325:6:flush_bit_buffer	8	static
../Core/Src/main.c:332:6:output1	24	static
../Core/Src/main.c:344:6:output2	24	static
../Core/Src/main.c:361:6:encode	56	static
../Core/Src/main.c:416:6:ENCmodpow	32	static
../Core/Src/main.c:427:6:encrypt	24	static
../Core/Src/main.c:451:6:Error_Handler	8	static,ignoring_inline_asm
