../Core/Src/main.c:93:5:main	2576	dynamic
../Core/Src/main.c:217:6:SystemClock_Config	80	static
../Core/Src/main.c:256:13:MX_USART2_UART_Init	8	static
../Core/Src/main.c:291:13:MX_GPIO_Init	48	static
../Core/Src/main.c:318:6:pause_sec	40	static
../Core/Src/main.c:338:6:store	16	static
../Core/Src/main.c:343:6:putbit1	8	static
../Core/Src/main.c:352:6:putbit0	8	static
../Core/Src/main.c:360:6:flush_bit_buffer	8	static
../Core/Src/main.c:369:6:output1	24	static
../Core/Src/main.c:381:6:output2	24	static
../Core/Src/main.c:398:6:encode	56	static
../Core/Src/main.c:443:6:Error_Handler	8	static,ignoring_inline_asm
