../Core/Src/main.c:111:5:main	80	static
../Core/Src/main.c:190:6:SystemClock_Config	104	static
../Core/Src/main.c:236:13:MX_I2C1_Init	8	static
../Core/Src/main.c:284:13:MX_USART2_UART_Init	8	static
../Core/Src/main.c:317:13:MX_DMA_Init	16	static
../Core/Src/main.c:335:13:MX_GPIO_Init	56	static
../Core/Src/main.c:364:6:pause_sec	40	static
../Core/Src/main.c:384:9:decToBcd	32	static
../Core/Src/main.c:396:5:bcdToDec	24	static
../Core/Src/main.c:411:6:setTime	48	static
../Core/Src/main.c:433:6:getTime	32	static
../Core/Src/main.c:455:5:epochFromTime	32	static
../Core/Src/main.c:526:6:rtcPrint	56	static
../Core/Src/main.c:586:6:Error_Handler	8	static,ignoring_inline_asm
