../Core/Src/main.c:108:5:main	192	static
../Core/Src/main.c:181:6:SystemClock_Config	80	static
../Core/Src/main.c:220:13:MX_USART2_UART_Init	8	static
../Core/Src/main.c:255:13:MX_GPIO_Init	48	static
../Core/Src/main.c:286:5:correctBitbuffer	24	static
../Core/Src/main.c:299:6:store	24	static
../Core/Src/main.c:304:6:putbit1	8	static
../Core/Src/main.c:313:6:putbit0	8	static
../Core/Src/main.c:322:6:flush_bit_buffer	8	static
../Core/Src/main.c:329:6:output1	24	static
../Core/Src/main.c:341:6:output2	24	static
../Core/Src/main.c:358:6:encode	56	static
../Core/Src/main.c:413:6:ENCmodpow	32	static
../Core/Src/main.c:424:6:encrypt	24	static
../Core/Src/main.c:448:6:Error_Handler	8	static,ignoring_inline_asm
