../Core/Src/main.c:114:5:main	88	static
../Core/Src/main.c:185:6:SystemClock_Config	80	static
../Core/Src/main.c:221:13:MX_SPI2_Init	8	static
../Core/Src/main.c:261:13:MX_USART2_UART_Init	8	static
../Core/Src/main.c:296:13:MX_GPIO_Init	48	static
../Core/Src/main.c:317:6:icm20948_init	8	static
../Core/Src/main.c:352:6:icm20948_gyro_read	40	static
../Core/Src/main.c:368:6:icm20948_accel_read	40	static
../Core/Src/main.c:405:6:icm20948_accel_read_g	16	static
../Core/Src/main.c:414:6:icm20948_who_am_i	24	static
../Core/Src/main.c:424:6:icm20948_device_reset	8	static
../Core/Src/main.c:430:6:icm20948_wakeup	24	static
../Core/Src/main.c:439:6:icm20948_sleep	24	static
../Core/Src/main.c:448:6:icm20948_spi_slave_enable	24	static
../Core/Src/main.c:456:6:icm20948_clock_source	32	static
../Core/Src/main.c:464:6:icm20948_odr_align_enable	8	static
../Core/Src/main.c:469:6:icm20948_gyro_low_pass_filter	32	static
../Core/Src/main.c:477:6:icm20948_accel_low_pass_filter	32	static
../Core/Src/main.c:485:6:icm20948_gyro_sample_rate_divider	16	static
../Core/Src/main.c:490:6:icm20948_accel_sample_rate_divider	32	static
../Core/Src/main.c:499:6:icm20948_gyro_calibration	56	static
../Core/Src/main.c:531:6:icm20948_accel_calibration	80	static
../Core/Src/main.c:589:6:icm20948_gyro_full_scale_select	32	static
../Core/Src/main.c:616:6:icm20948_accel_full_scale_select	32	static
../Core/Src/main.c:645:13:cs_high	8	static
../Core/Src/main.c:650:13:cs_low	8	static
../Core/Src/main.c:655:13:select_user_bank	32	static
../Core/Src/main.c:666:16:read_single_icm20948_reg	32	static
../Core/Src/main.c:680:13:write_single_icm20948_reg	32	static
../Core/Src/main.c:693:17:read_multiple_icm20948_reg	32	static
../Core/Src/main.c:707:13:write_multiple_icm20948_reg	32	static
../Core/Src/main.c:724:6:Error_Handler	8	static,ignoring_inline_asm
