../Core/Src/main.c:112:5:main	136	static
../Core/Src/main.c:188:6:SystemClock_Config	80	static
../Core/Src/main.c:227:13:MX_USART2_UART_Init	8	static
../Core/Src/main.c:262:13:MX_GPIO_Init	48	static
../Core/Src/main.c:293:5:correctBitbuffer	24	static
../Core/Src/main.c:307:6:store	24	static
../Core/Src/main.c:312:6:putbit1	8	static
../Core/Src/main.c:321:6:putbit0	8	static
../Core/Src/main.c:330:6:flush_bit_buffer	8	static
../Core/Src/main.c:337:6:output1	24	static
../Core/Src/main.c:349:6:output2	24	static
../Core/Src/main.c:366:6:encode	56	static
../Core/Src/main.c:424:6:ENCmodpow	32	static
../Core/Src/main.c:435:6:encrypt	24	static
../Core/Src/main.c:460:6:Error_Handler	8	static,ignoring_inline_asm
