../Core/Src/main.c:112:5:main	120	static
../Core/Src/main.c:188:6:SystemClock_Config	80	static
../Core/Src/main.c:227:13:MX_USART2_UART_Init	8	static
../Core/Src/main.c:262:13:MX_GPIO_Init	48	static
../Core/Src/main.c:297:6:store	40	static
../Core/Src/main.c:314:6:putbit1	8	static
../Core/Src/main.c:323:6:putbit0	8	static
../Core/Src/main.c:332:6:flush_bit_buffer	8	static
../Core/Src/main.c:339:6:output1	24	static
../Core/Src/main.c:351:6:output2	24	static
../Core/Src/main.c:368:6:encode	56	static
../Core/Src/main.c:426:6:ENCmodpow	32	static
../Core/Src/main.c:437:6:encrypt	24	static
../Core/Src/main.c:462:6:Error_Handler	8	static,ignoring_inline_asm
