../Core/Src/main.c:114:5:main	144	static
../Core/Src/main.c:183:6:SystemClock_Config	80	static
../Core/Src/main.c:219:13:MX_SPI2_Init	8	static
../Core/Src/main.c:259:13:MX_USART2_UART_Init	8	static
../Core/Src/main.c:294:13:MX_GPIO_Init	48	static
../Core/Src/main.c:315:6:icm20948_init	8	static
../Core/Src/main.c:340:6:icm20948_gyro_read	40	static
../Core/Src/main.c:356:6:icm20948_accel_read	40	static
../Core/Src/main.c:373:6:icm20948_gyro_read_dps	16	static
../Core/Src/main.c:382:6:icm20948_accel_read_g	16	static
../Core/Src/main.c:391:6:icm20948_who_am_i	24	static
../Core/Src/main.c:401:6:icm20948_device_reset	8	static
../Core/Src/main.c:407:6:icm20948_wakeup	24	static
../Core/Src/main.c:416:6:icm20948_sleep	24	static
../Core/Src/main.c:425:6:icm20948_spi_slave_enable	24	static
../Core/Src/main.c:433:6:icm20948_clock_source	32	static
../Core/Src/main.c:441:6:icm20948_odr_align_enable	8	static
../Core/Src/main.c:446:6:icm20948_gyro_low_pass_filter	32	static
../Core/Src/main.c:454:6:icm20948_accel_low_pass_filter	32	static
../Core/Src/main.c:462:6:icm20948_gyro_sample_rate_divider	16	static
../Core/Src/main.c:467:6:icm20948_accel_sample_rate_divider	32	static
../Core/Src/main.c:476:6:icm20948_gyro_calibration	56	static
../Core/Src/main.c:508:6:icm20948_accel_calibration	80	static
../Core/Src/main.c:566:6:icm20948_gyro_full_scale_select	32	static
../Core/Src/main.c:593:6:icm20948_accel_full_scale_select	32	static
../Core/Src/main.c:622:13:cs_high	8	static
../Core/Src/main.c:627:13:cs_low	8	static
../Core/Src/main.c:632:13:select_user_bank	32	static
../Core/Src/main.c:643:16:read_single_icm20948_reg	32	static
../Core/Src/main.c:657:13:write_single_icm20948_reg	32	static
../Core/Src/main.c:670:17:read_multiple_icm20948_reg	32	static
../Core/Src/main.c:684:13:write_multiple_icm20948_reg	32	static
../Core/Src/main.c:701:6:Error_Handler	8	static,ignoring_inline_asm
