../Core/Src/main.c:114:5:main	136	static
../Core/Src/main.c:187:6:SystemClock_Config	80	static
../Core/Src/main.c:223:13:MX_SPI2_Init	8	static
../Core/Src/main.c:263:13:MX_USART2_UART_Init	8	static
../Core/Src/main.c:298:13:MX_GPIO_Init	48	static
../Core/Src/main.c:319:6:icm20948_init	32	static
../Core/Src/main.c:356:6:icm20948_gyro_read	40	static
../Core/Src/main.c:372:6:icm20948_accel_read	40	static
../Core/Src/main.c:389:6:icm20948_gyro_read_dps	16	static
../Core/Src/main.c:398:6:icm20948_accel_read_g	16	static
../Core/Src/main.c:407:6:icm20948_who_am_i	24	static
../Core/Src/main.c:417:6:icm20948_device_reset	8	static
../Core/Src/main.c:423:6:icm20948_wakeup	24	static
../Core/Src/main.c:432:6:icm20948_sleep	24	static
../Core/Src/main.c:441:6:icm20948_spi_slave_enable	24	static
../Core/Src/main.c:449:6:icm20948_clock_source	32	static
../Core/Src/main.c:457:6:icm20948_odr_align_enable	8	static
../Core/Src/main.c:462:6:icm20948_gyro_low_pass_filter	32	static
../Core/Src/main.c:470:6:icm20948_accel_low_pass_filter	32	static
../Core/Src/main.c:478:6:icm20948_gyro_sample_rate_divider	16	static
../Core/Src/main.c:483:6:icm20948_accel_sample_rate_divider	32	static
../Core/Src/main.c:492:6:icm20948_gyro_calibration	56	static
../Core/Src/main.c:529:6:icm20948_accel_calibration	80	static
../Core/Src/main.c:597:6:icm20948_gyro_full_scale_select	32	static
../Core/Src/main.c:624:6:icm20948_accel_full_scale_select	32	static
../Core/Src/main.c:653:13:cs_high	8	static
../Core/Src/main.c:658:13:cs_low	8	static
../Core/Src/main.c:663:13:select_user_bank	32	static
../Core/Src/main.c:674:16:read_single_icm20948_reg	32	static
../Core/Src/main.c:688:13:write_single_icm20948_reg	32	static
../Core/Src/main.c:701:17:read_multiple_icm20948_reg	32	static
../Core/Src/main.c:715:13:write_multiple_icm20948_reg	32	static
../Core/Src/main.c:732:6:Error_Handler	8	static,ignoring_inline_asm
