../Core/Src/main.c:103:5:main	8	static
../Core/Src/main.c:158:6:SystemClock_Config	80	static
../Core/Src/main.c:194:13:MX_SPI2_Init	8	static
../Core/Src/main.c:234:13:MX_GPIO_Init	32	static
../Core/Src/main.c:254:6:icm20948_init	8	static
../Core/Src/main.c:279:6:icm20948_gyro_read	24	static
../Core/Src/main.c:288:6:icm20948_accel_read	24	static
../Core/Src/main.c:298:6:icm20948_gyro_read_dps	16	static
../Core/Src/main.c:307:6:icm20948_accel_read_g	16	static
../Core/Src/main.c:316:6:icm20948_who_am_i	16	static
../Core/Src/main.c:326:6:icm20948_device_reset	8	static
../Core/Src/main.c:332:6:icm20948_wakeup	16	static
../Core/Src/main.c:341:6:icm20948_sleep	16	static
../Core/Src/main.c:350:6:icm20948_spi_slave_enable	16	static
../Core/Src/main.c:358:6:icm20948_i2c_master_reset	16	static
../Core/Src/main.c:366:6:icm20948_i2c_master_enable	16	static
../Core/Src/main.c:375:6:icm20948_i2c_master_clk_frq	24	static
../Core/Src/main.c:383:6:icm20948_clock_source	24	static
../Core/Src/main.c:391:6:icm20948_odr_align_enable	8	static
../Core/Src/main.c:396:6:icm20948_gyro_low_pass_filter	24	static
../Core/Src/main.c:404:6:icm20948_accel_low_pass_filter	24	static
../Core/Src/main.c:412:6:icm20948_gyro_sample_rate_divider	16	static
../Core/Src/main.c:417:6:icm20948_accel_sample_rate_divider	32	static
../Core/Src/main.c:426:6:icm20948_gyro_calibration	56	static
../Core/Src/main.c:458:6:icm20948_accel_calibration	80	static
../Core/Src/main.c:516:6:icm20948_gyro_full_scale_select	24	static
../Core/Src/main.c:543:6:icm20948_accel_full_scale_select	24	static
../Core/Src/main.c:576:6:Error_Handler	8	static,ignoring_inline_asm
