../Core/Src/main.c:114:5:main	16	static
../Core/Src/main.c:177:6:SystemClock_Config	80	static
../Core/Src/main.c:213:13:MX_SPI2_Init	8	static
../Core/Src/main.c:253:13:MX_USART2_UART_Init	8	static
../Core/Src/main.c:288:13:MX_GPIO_Init	48	static
../Core/Src/main.c:309:6:icm20948_init	8	static
../Core/Src/main.c:334:6:icm20948_gyro_read	24	static
../Core/Src/main.c:343:6:icm20948_accel_read	24	static
../Core/Src/main.c:371:6:icm20948_who_am_i	24	static
../Core/Src/main.c:381:6:icm20948_device_reset	8	static
../Core/Src/main.c:387:6:icm20948_wakeup	24	static
../Core/Src/main.c:396:6:icm20948_sleep	24	static
../Core/Src/main.c:405:6:icm20948_spi_slave_enable	24	static
../Core/Src/main.c:439:6:icm20948_clock_source	32	static
../Core/Src/main.c:447:6:icm20948_odr_align_enable	8	static
../Core/Src/main.c:452:6:icm20948_gyro_low_pass_filter	32	static
../Core/Src/main.c:460:6:icm20948_accel_low_pass_filter	32	static
../Core/Src/main.c:468:6:icm20948_gyro_sample_rate_divider	16	static
../Core/Src/main.c:473:6:icm20948_accel_sample_rate_divider	32	static
../Core/Src/main.c:482:6:icm20948_gyro_calibration	56	static
../Core/Src/main.c:514:6:icm20948_accel_calibration	80	static
../Core/Src/main.c:572:6:icm20948_gyro_full_scale_select	32	static
../Core/Src/main.c:599:6:icm20948_accel_full_scale_select	32	static
../Core/Src/main.c:628:13:cs_high	8	static
../Core/Src/main.c:633:13:cs_low	8	static
../Core/Src/main.c:638:13:select_user_bank	32	static
../Core/Src/main.c:649:16:read_single_icm20948_reg	32	static
../Core/Src/main.c:663:13:write_single_icm20948_reg	32	static
../Core/Src/main.c:676:17:read_multiple_icm20948_reg	32	static
../Core/Src/main.c:690:13:write_multiple_icm20948_reg	32	static
../Core/Src/main.c:707:6:Error_Handler	8	static,ignoring_inline_asm
